(-1, -1)     Module               	prefix=|@@indent@@|	suffix=||	indent=||
(1, 0)       Expr                 	prefix=||	suffix=|\n|	indent=||
(3, 0)       Expr                 	prefix=|\n@@indent@@|	suffix=||	indent=||
(5, 0)       Expr                 	prefix=||	suffix=|\n|	indent=||
(7, 0)       Expr                 	prefix=|\n@@indent@@|	suffix=|\n|	indent=||
(1, 0)       NameConstant         	prefix=||	suffix=||	indent=||
(3, 0)       Ellipsis             	prefix=||	suffix=|\n\n@@indent@@|	indent=||
(5, 0)       Str                  	prefix=||	suffix=||	indent=||
(7, 0)       Str                  	prefix=||	suffix=||	indent=||
