(-1, -1)     Module               	prefix=|@@indent@@|	suffix=||	indent=||
(1, 0)       Expr                 	prefix=||	suffix=|\n|	indent=||
(3, 0)       Expr                 	prefix=|\n@@indent@@|	suffix=|\n|	indent=||
(5, 0)       Expr                 	prefix=|\n@@indent@@|	suffix=|\n|	indent=||
(7, 0)       Expr                 	prefix=|\n@@indent@@|	suffix=|\n|	indent=||
(9, 0)       Expr                 	prefix=|\n@@indent@@|	suffix=|\n|	indent=||
(11, 0)      Expr                 	prefix=|\n@@indent@@|	suffix=|\n|	indent=||
(13, 0)      Expr                 	prefix=|\n@@indent@@|	suffix=|\n|	indent=||
(15, 0)      Expr                 	prefix=|\n@@indent@@|	suffix=|\n|	indent=||
(17, 0)      Expr                 	prefix=|\n@@indent@@|	suffix=|\n|	indent=||
(21, 0)      Expr                 	prefix=|\n@@indent@@|	suffix=|\n|	indent=||
(23, 0)      Expr                 	prefix=|\n@@indent@@|	suffix=|\n|	indent=||
(25, 0)      Expr                 	prefix=|\n@@indent@@|	suffix=|\n|	indent=||
(27, 0)      Expr                 	prefix=|\n@@indent@@|	suffix=|\n|	indent=||
(29, 0)      Expr                 	prefix=|\n@@indent@@|	suffix=|\n|	indent=||
(31, 0)      Expr                 	prefix=|\n@@indent@@|	suffix=|\n|	indent=||
(33, 0)      Expr                 	prefix=|\n@@indent@@|	suffix=|\n|	indent=||
(36, 0)      Expr                 	prefix=|\n@@indent@@|	suffix=|\n|	indent=||
(38, 0)      Expr                 	prefix=|\n@@indent@@|	suffix=|\n|	indent=||
(42, 0)      Expr                 	prefix=|\n@@indent@@|	suffix=|\n|	indent=||
(45, 0)      Expr                 	prefix=|\n@@indent@@|	suffix=|\n|	indent=||
(48, 0)      Expr                 	prefix=|\n@@indent@@|	suffix=|\n|	indent=||
(1, 0)       JoinedStr            	prefix=||	suffix=||	indent=||
(3, 0)       JoinedStr            	prefix=||	suffix=||	indent=||
(5, 0)       JoinedStr            	prefix=||	suffix=||	indent=||
(7, 0)       JoinedStr            	prefix=||	suffix=||	indent=||
(9, 0)       JoinedStr            	prefix=||	suffix=||	indent=||
(11, 0)      JoinedStr            	prefix=||	suffix=||	indent=||
(13, 0)      JoinedStr            	prefix=||	suffix=||	indent=||
(15, 0)      JoinedStr            	prefix=||	suffix=||	indent=||
(17, 0)      JoinedStr            	prefix=||	suffix=||	indent=||
(21, 0)      JoinedStr            	prefix=||	suffix=||	indent=||
(23, 0)      JoinedStr            	prefix=||	suffix=||	indent=||
(25, 0)      JoinedStr            	prefix=||	suffix=||	indent=||
(27, 0)      JoinedStr            	prefix=||	suffix=||	indent=||
(29, 0)      JoinedStr            	prefix=||	suffix=||	indent=||
(31, 0)      JoinedStr            	prefix=||	suffix=||	indent=||
(33, 0)      JoinedStr            	prefix=||	suffix=||	indent=||
(36, 0)      JoinedStr            	prefix=||	suffix=||	indent=||
(38, 0)      Call                 	prefix=||	suffix=||	indent=||
(42, 1)      JoinedStr            	prefix=|(|	suffix=|)|	indent=||
(45, 1)      JoinedStr            	prefix=|(|	suffix=|)|	indent=||
(48, 0)      JoinedStr            	prefix=||	suffix=||	indent=||
(1, 2)       Constant             	prefix=||	suffix=||	indent=||
(3, 2)       FormattedValue       	prefix=||	suffix=||	indent=||
(5, 2)       Constant             	prefix=||	suffix=||	indent=||
(5, 4)       FormattedValue       	prefix=||	suffix=||	indent=||
(5, 7)       Constant             	prefix=||	suffix=||	indent=||
(7, 2)       Constant             	prefix=||	suffix=||	indent=||
(7, 4)       FormattedValue       	prefix=||	suffix=||	indent=||
(9, 2)       FormattedValue       	prefix=||	suffix=||	indent=||
(9, 5)       Constant             	prefix=||	suffix=||	indent=||
(11, 2)      Constant             	prefix=||	suffix=||	indent=||
(11, 8)      FormattedValue       	prefix=||	suffix=||	indent=||
(13, 2)      Constant             	prefix=||	suffix=||	indent=||
(13, 3)      FormattedValue       	prefix=|  |	suffix=||	indent=||
(15, 2)      Constant             	prefix=||	suffix=||	indent=||
(15, 4)      FormattedValue       	prefix=||	suffix=||	indent=||
(15, 7)      Constant             	prefix=||	suffix=||	indent=||
(17, 4)      FormattedValue       	prefix=|\n@@indent@@  |	suffix=|\n@@indent@@|	indent=||
(21, 2)      FormattedValue       	prefix=||	suffix=||	indent=||
(23, 2)      FormattedValue       	prefix=||	suffix=||	indent=||
(25, 2)      FormattedValue       	prefix=||	suffix=||	indent=||
(27, 2)      FormattedValue       	prefix=||	suffix=||	indent=||
(29, 2)      FormattedValue       	prefix=||	suffix=||	indent=||
(31, 2)      FormattedValue       	prefix=||	suffix=||	indent=||
(33, 4)      FormattedValue       	prefix=|\n@@indent@@  |	suffix=||	indent=||
(36, 2)      FormattedValue       	prefix=||	suffix=||	indent=||
(38, 0)      Name foo             	prefix=||	suffix=||	indent=||
(38, 4)      JoinedStr            	prefix=||	suffix=||	indent=||
(42, 3)      Constant             	prefix=||	suffix=||	indent=||
(42, 5)      FormattedValue       	prefix=||	suffix=||	indent=||
(43, 1)      Constant             	prefix=||	suffix=||	indent=||
(45, 1)      Constant             	prefix=||	suffix=||	indent=||
(46, 6)      FormattedValue       	prefix=||	suffix=||	indent=||
(48, 4)      Constant             	prefix=||	suffix=||	indent=||
(49, 1)      FormattedValue       	prefix=||	suffix=||	indent=||
(49, 4)      Constant             	prefix=||	suffix=||	indent=||
(3, 3)       Name b               	prefix=||	suffix=||	indent=||
(5, 5)       Name d               	prefix=||	suffix=||	indent=||
(7, 5)       Name g               	prefix=||	suffix=||	indent=||
(9, 3)       Name h               	prefix=||	suffix=||	indent=||
(11, 9)      Name k               	prefix=||	suffix=||	indent=||
(13, 6)      BinOp                	prefix=||	suffix=||	indent=||
(15, 5)      Constant             	prefix=||	suffix=||	indent=||
(18, 2)      BinOp                	prefix=||	suffix=||	indent=||
(21, 3)      Name a               	prefix=||	suffix=||	indent=||
(23, 3)      Name b               	prefix=||	suffix=||	indent=||
(25, 3)      Name c               	prefix=||	suffix=||	indent=||
(25, 4)      JoinedStr            	prefix=||	suffix=||	indent=||
(27, 3)      Name c               	prefix=||	suffix=|  |	indent=||
(27, 6)      JoinedStr            	prefix=||	suffix=||	indent=||
(29, 3)      Name f               	prefix=||	suffix=||	indent=||
(29, 4)      JoinedStr            	prefix=||	suffix=||	indent=||
(31, 3)      Name h               	prefix=||	suffix=| |	indent=||
(31, 7)      JoinedStr            	prefix=||	suffix=||	indent=||
(34, 2)      Name l               	prefix=||	suffix=||	indent=||
(34, 5)      JoinedStr            	prefix=||	suffix=||	indent=||
(36, 3)      Attribute c          	prefix=||	suffix=||	indent=||
(-1, -1)     Load                 	prefix=||	suffix=||	indent=||
(38, 6)      FormattedValue       	prefix=||	suffix=||	indent=||
(39, 4)      Constant             	prefix=||	suffix=||	indent=||
(42, 6)      Name e               	prefix=||	suffix=||	indent=||
(46, 7)      Name h               	prefix=||	suffix=||	indent=||
(49, 2)      Name i               	prefix=||	suffix=||	indent=||
(-1, -1)     Load                 	prefix=||	suffix=||	indent=||
(-1, -1)     Load                 	prefix=||	suffix=||	indent=||
(-1, -1)     Load                 	prefix=||	suffix=||	indent=||
(-1, -1)     Load                 	prefix=||	suffix=||	indent=||
(-1, -1)     Load                 	prefix=||	suffix=||	indent=||
(13, 6)      Constant             	prefix=||	suffix=| |	indent=||
(-1, -1)     Add                  	prefix=||	suffix=||	indent=||
(13, 10)     Constant             	prefix=||	suffix=| |	indent=||
(18, 2)      Constant             	prefix=||	suffix=| |	indent=||
(-1, -1)     Add                  	prefix=||	suffix=||	indent=||
(18, 6)      Constant             	prefix=||	suffix=||	indent=||
(-1, -1)     Load                 	prefix=||	suffix=||	indent=||
(-1, -1)     Load                 	prefix=||	suffix=||	indent=||
(-1, -1)     Load                 	prefix=||	suffix=||	indent=||
(25, 5)      Constant             	prefix=||	suffix=||	indent=||
(-1, -1)     Load                 	prefix=||	suffix=||	indent=||
(27, 7)      Constant             	prefix=||	suffix=||	indent=||
(-1, -1)     Load                 	prefix=||	suffix=||	indent=||
(29, 5)      FormattedValue       	prefix=||	suffix=||	indent=||
(-1, -1)     Load                 	prefix=||	suffix=||	indent=||
(31, 8)      Constant             	prefix=||	suffix=||	indent=||
(31, 9)      FormattedValue       	prefix=|  |	suffix=||	indent=||
(31, 14)     Constant             	prefix=||	suffix=||	indent=||
(31, 15)     FormattedValue       	prefix=| |	suffix=||	indent=||
(-1, -1)     Load                 	prefix=||	suffix=||	indent=||
(34, 6)      Constant             	prefix=||	suffix=||	indent=||
(34, 8)      FormattedValue       	prefix=||	suffix=||	indent=||
(34, 11)     Constant             	prefix=||	suffix=||	indent=||
(36, 4)      Attribute b          	prefix=|(|	suffix=|)|	indent=||
(-1, -1)     Load                 	prefix=||	suffix=||	indent=||
(38, 7)      Name d               	prefix=||	suffix=||	indent=||
(-1, -1)     Load                 	prefix=||	suffix=||	indent=||
(-1, -1)     Load                 	prefix=||	suffix=||	indent=||
(-1, -1)     Load                 	prefix=||	suffix=||	indent=||
(29, 6)      Name g               	prefix=||	suffix=||	indent=||
(31, 12)     Name i               	prefix=||	suffix=||	indent=||
(31, 17)     Name j               	prefix=||	suffix=||	indent=||
(34, 9)      Name m               	prefix=||	suffix=||	indent=||
(36, 4)      Name a               	prefix=||	suffix=||	indent=||
(-1, -1)     Load                 	prefix=||	suffix=||	indent=||
(-1, -1)     Load                 	prefix=||	suffix=||	indent=||
(-1, -1)     Load                 	prefix=||	suffix=||	indent=||
(-1, -1)     Load                 	prefix=||	suffix=||	indent=||
(-1, -1)     Load                 	prefix=||	suffix=||	indent=||
(-1, -1)     Load                 	prefix=||	suffix=||	indent=||
(-1, -1)     Load                 	prefix=||	suffix=||	indent=||
