(-1, -1)     Module               	prefix=||	suffix=||
(1, 0)       Expr                 	prefix=||	suffix=|\n|
(3, 0)       Expr                 	prefix=|\n|	suffix=|\n|
(5, 0)       Expr                 	prefix=|\n|	suffix=|\n|
(1, 0)       Attribute b          	prefix=||	suffix=||
(3, 0)       Attribute d          	prefix=||	suffix=||
(5, 2)       Attribute f          	prefix=||	suffix=||
(1, 0)       Name a               	prefix=||	suffix=||
(-1, -1)     Load                 	prefix=||	suffix=||
(3, 0)       Name c               	prefix=||	suffix=|  |
(-1, -1)     Load                 	prefix=||	suffix=||
(5, 2)       Name e               	prefix=|( |	suffix=| )|
(-1, -1)     Load                 	prefix=||	suffix=||
(-1, -1)     Load                 	prefix=||	suffix=||
(-1, -1)     Load                 	prefix=||	suffix=||
(-1, -1)     Load                 	prefix=||	suffix=||
