(-1, -1)     Module               	prefix=||	suffix=||
(1, 0)       ClassDef a           	prefix=||	suffix=||
(4, 0)       ClassDef d           	prefix=|\n|	suffix=||
(9, 0)       ClassDef g           	prefix=|\n|	suffix=||
(12, 0)      ClassDef h           	prefix=|\n|	suffix=||
(15, 0)      ClassDef i           	prefix=|\n|	suffix=||
(1, 8)       Name object          	prefix=||	suffix=||
(2, 2)       Pass                 	prefix=|  |	suffix=|\n|
(6, 15)      Name e               	prefix=|   |	suffix=| |
(6, 20)      Name f               	prefix=|  |	suffix=||
(7, 2)       Pass                 	prefix=|  |	suffix=|\n|
(4, 1)       Name b               	prefix=||	suffix=||
(5, 0)       Call                 	prefix=||	suffix=||
(10, 2)      Pass                 	prefix=|  |	suffix=|\n|
(13, 2)      Pass                 	prefix=|  |	suffix=|\n|
(15, 8)      Name j               	prefix=||	suffix=||
(15, 11)     Name k               	prefix=| |	suffix=||
(16, 2)      Pass                 	prefix=|  |	suffix=|\n|
(-1, -1)     Load                 	prefix=||	suffix=||
(-1, -1)     Load                 	prefix=||	suffix=||
(-1, -1)     Load                 	prefix=||	suffix=||
(-1, -1)     Load                 	prefix=||	suffix=||
(5, 1)       Name c               	prefix=||	suffix=||
(-1, -1)     Load                 	prefix=||	suffix=||
(-1, -1)     Load                 	prefix=||	suffix=||
(-1, -1)     Load                 	prefix=||	suffix=||
