(-1, -1)     Module               	prefix=||	suffix=||
(1, 0)       Expr                 	prefix=||	suffix=|\n|
(1, 0)       Compare              	prefix=||	suffix=||
(1, 0)       Name a               	prefix=||	suffix=| |
(-1, -1)     NotEq                	prefix=||	suffix=| |
(1, 5)       Name b               	prefix=||	suffix=||
(-1, -1)     Load                 	prefix=||	suffix=||
(-1, -1)     Load                 	prefix=||	suffix=||
