(-1, -1)     Module               	prefix=||	suffix=||
(1, 0)       Expr                 	prefix=||	suffix=|\n|
(3, 0)       Expr                 	prefix=|\n|	suffix=|\n|
(5, 0)       Expr                 	prefix=|\n|	suffix=|\n|
(7, 0)       Expr                 	prefix=|\n|	suffix=|\n|
(9, 0)       Expr                 	prefix=|\n|	suffix=|\n|
(11, 0)      Expr                 	prefix=|\n|	suffix=|\n|
(13, 0)      Expr                 	prefix=|\n|	suffix=|\n|
(1, 0)       Compare              	prefix=||	suffix=||
(3, 0)       Compare              	prefix=||	suffix=||
(5, 0)       Compare              	prefix=||	suffix=||
(7, 0)       Compare              	prefix=||	suffix=||
(9, 1)       Compare              	prefix=|(|	suffix=|)|
(11, 0)      Compare              	prefix=||	suffix=||
(13, 0)      Compare              	prefix=||	suffix=||
(1, 0)       Name a               	prefix=||	suffix=| |
(-1, -1)     Lt                   	prefix=||	suffix=| |
(1, 4)       Name b               	prefix=||	suffix=||
(3, 0)       Name c               	prefix=||	suffix=| |
(-1, -1)     Gt                   	prefix=||	suffix=| |
(3, 4)       Name d               	prefix=||	suffix=||
(5, 0)       Name e               	prefix=||	suffix=| |
(-1, -1)     GtE                  	prefix=||	suffix=|  |
(-1, -1)     Lt                   	prefix=||	suffix=||
(5, 6)       Name f               	prefix=||	suffix=||
(5, 8)       Name g               	prefix=||	suffix=||
(7, 0)       Name h               	prefix=||	suffix=|  |
(-1, -1)     NotIn                	prefix=||	suffix=|  |
(7, 11)      Name j               	prefix=||	suffix=||
(9, 1)       Name i               	prefix=||	suffix=|  |
(-1, -1)     IsNot                	prefix=||	suffix=| |
(9, 13)      Name k               	prefix=||	suffix=||
(11, 0)      Name l               	prefix=||	suffix=|   |
(-1, -1)     Is                   	prefix=||	suffix=| |
(11, 7)      Name m               	prefix=||	suffix=||
(13, 0)      Name n               	prefix=||	suffix=|  |
(-1, -1)     In                   	prefix=||	suffix=| |
(13, 6)      Name o               	prefix=||	suffix=||
(-1, -1)     Load                 	prefix=||	suffix=||
(-1, -1)     Load                 	prefix=||	suffix=||
(-1, -1)     Load                 	prefix=||	suffix=||
(-1, -1)     Load                 	prefix=||	suffix=||
(-1, -1)     Load                 	prefix=||	suffix=||
(-1, -1)     Load                 	prefix=||	suffix=||
(-1, -1)     Load                 	prefix=||	suffix=||
(-1, -1)     Load                 	prefix=||	suffix=||
(-1, -1)     Load                 	prefix=||	suffix=||
(-1, -1)     Load                 	prefix=||	suffix=||
(-1, -1)     Load                 	prefix=||	suffix=||
(-1, -1)     Load                 	prefix=||	suffix=||
(-1, -1)     Load                 	prefix=||	suffix=||
(-1, -1)     Load                 	prefix=||	suffix=||
(-1, -1)     Load                 	prefix=||	suffix=||
