(-1, -1)     Module               	prefix=||	suffix=||
(1, 0)       Exec                 	prefix=||	suffix=|\n|
(3, 0)       Exec                 	prefix=|\n|	suffix=|\n|
(5, 0)       Exec                 	prefix=|\n|	suffix=|\n|
(7, 0)       Exec                 	prefix=|\n|	suffix=|\n|
(1, 5)       Name a               	prefix=||	suffix=||
(3, 5)       Name b               	prefix=||	suffix=| |
(3, 10)      Name c               	prefix=||	suffix=||
(5, 9)       Name d               	prefix=||	suffix=|     |
(5, 20)      Name e               	prefix=||	suffix=||
(5, 22)      Name f               	prefix=||	suffix=||
(7, 5)       Name g               	prefix=||	suffix=| |
(7, 10)      Name h               	prefix=||	suffix=|   |
(7, 17)      Name i               	prefix=||	suffix=||
(-1, -1)     Load                 	prefix=||	suffix=||
(-1, -1)     Load                 	prefix=||	suffix=||
(-1, -1)     Load                 	prefix=||	suffix=||
(-1, -1)     Load                 	prefix=||	suffix=||
(-1, -1)     Load                 	prefix=||	suffix=||
(-1, -1)     Load                 	prefix=||	suffix=||
(-1, -1)     Load                 	prefix=||	suffix=||
(-1, -1)     Load                 	prefix=||	suffix=||
(-1, -1)     Load                 	prefix=||	suffix=||
