(-1, -1)     Module               	prefix=||	suffix=||
(1, 0)       FunctionDef a        	prefix=||	suffix=||
(-1, -1)     arguments            	prefix=||	suffix=||
(2, 2)       Expr                 	prefix=|  |	suffix=|\n|
(1, 7)       Tuple                	prefix=|(|	suffix=|)|
(1, 14)      Name d               	prefix=||	suffix=||
(2, 2)       Name e               	prefix=||	suffix=||
(1, 7)       Name b               	prefix=||	suffix=||
(1, 10)      Name c               	prefix=||	suffix=||
(-1, -1)     Store                	prefix=||	suffix=||
(-1, -1)     Param                	prefix=||	suffix=||
(-1, -1)     Load                 	prefix=||	suffix=||
(-1, -1)     Store                	prefix=||	suffix=||
(-1, -1)     Store                	prefix=||	suffix=||
