(-1, -1)     Module               	prefix=||	suffix=||
(1, 0)       Global               	prefix=||	suffix=|\n|
(3, 0)       Global               	prefix=|\n|	suffix=|\n|
(5, 0)       Global               	prefix=|\n|	suffix=|\n|
