(-1, -1)     Module               	prefix=||	suffix=||
(1, 0)       Expr                 	prefix=||	suffix=|\n|
(3, 0)       Expr                 	prefix=|\n|	suffix=|\n|
(5, 0)       Expr                 	prefix=|\n|	suffix=|\n|
(7, 0)       Expr                 	prefix=|\n|	suffix=|\n|
(9, 0)       Expr                 	prefix=|\n|	suffix=||
(11, 0)      Expr                 	prefix=||	suffix=|\n|
(13, 0)      Expr                 	prefix=|\n|	suffix=|\n|
(1, 1)       Tuple                	prefix=|(|	suffix=|)|
(3, 0)       Tuple                	prefix=||	suffix=||
(5, 0)       Tuple                	prefix=||	suffix=||
(7, 2)       Tuple                	prefix=|( |	suffix=|)|
(9, 0)       Tuple                	prefix=||	suffix=||
(11, 1)      Tuple                	prefix=|(|	suffix=| )|
(13, 1)      Tuple                	prefix=|(|	suffix=|)|
(1, 1)       Name a               	prefix=||	suffix=||
(1, 4)       Name b               	prefix=||	suffix=||
(-1, -1)     Load                 	prefix=||	suffix=||
(3, 0)       Name c               	prefix=||	suffix=||
(3, 3)       Name d               	prefix=||	suffix=||
(-1, -1)     Load                 	prefix=||	suffix=||
(5, 0)       Name e               	prefix=||	suffix=| |
(5, 6)       Name f               	prefix=||	suffix=||
(5, 8)       Name g               	prefix=||	suffix=||
(-1, -1)     Load                 	prefix=||	suffix=||
(7, 2)       Name h               	prefix=||	suffix=||
(-1, -1)     Load                 	prefix=||	suffix=||
(9, 0)       Name i               	prefix=||	suffix=|  |
(-1, -1)     Load                 	prefix=||	suffix=||
(11, 1)      Name j               	prefix=||	suffix=||
(11, 7)      Tuple                	prefix=|(  |	suffix=|)|
(-1, -1)     Load                 	prefix=||	suffix=||
(13, 2)      Tuple                	prefix=|(|	suffix=|)|
(13, 9)      Name o               	prefix=||	suffix=||
(-1, -1)     Load                 	prefix=||	suffix=||
(-1, -1)     Load                 	prefix=||	suffix=||
(-1, -1)     Load                 	prefix=||	suffix=||
(-1, -1)     Load                 	prefix=||	suffix=||
(-1, -1)     Load                 	prefix=||	suffix=||
(-1, -1)     Load                 	prefix=||	suffix=||
(-1, -1)     Load                 	prefix=||	suffix=||
(-1, -1)     Load                 	prefix=||	suffix=||
(-1, -1)     Load                 	prefix=||	suffix=||
(-1, -1)     Load                 	prefix=||	suffix=||
(-1, -1)     Load                 	prefix=||	suffix=||
(11, 7)      Name k               	prefix=||	suffix=||
(11, 10)     Name l               	prefix=||	suffix=||
(-1, -1)     Load                 	prefix=||	suffix=||
(13, 2)      Name m               	prefix=||	suffix=||
(13, 5)      Name n               	prefix=||	suffix=||
(-1, -1)     Load                 	prefix=||	suffix=||
(-1, -1)     Load                 	prefix=||	suffix=||
(-1, -1)     Load                 	prefix=||	suffix=||
(-1, -1)     Load                 	prefix=||	suffix=||
(-1, -1)     Load                 	prefix=||	suffix=||
(-1, -1)     Load                 	prefix=||	suffix=||
