(-1, -1)     Module               	prefix=||	suffix=||
(1, 5)       With                 	prefix=||	suffix=||
(4, 8)       With                 	prefix=|\n|	suffix=||
(7, 5)       With                 	prefix=|\n|	suffix=||
(1, 5)       Name a               	prefix=||	suffix=||
(2, 2)       Expr                 	prefix=|  |	suffix=|\n|
(4, 8)       Name c               	prefix=||	suffix=|   |
(4, 18)      Name d               	prefix=||	suffix=|       |
(5, 2)       Expr                 	prefix=|  |	suffix=|\n|
(7, 5)       Name e               	prefix=||	suffix=||
(7, 8)       With                 	prefix=||	suffix=||
(-1, -1)     Load                 	prefix=||	suffix=||
(2, 2)       Name b               	prefix=||	suffix=||
(-1, -1)     Load                 	prefix=||	suffix=||
(-1, -1)     Store                	prefix=||	suffix=||
(5, 2)       Name e               	prefix=||	suffix=||
(-1, -1)     Load                 	prefix=||	suffix=||
(7, 8)       Name f               	prefix=||	suffix=| |
(7, 13)      Name g               	prefix=||	suffix=||
(8, 7)       With                 	prefix=|  |	suffix=||
(-1, -1)     Load                 	prefix=||	suffix=||
(-1, -1)     Load                 	prefix=||	suffix=||
(-1, -1)     Load                 	prefix=||	suffix=||
(-1, -1)     Store                	prefix=||	suffix=||
(8, 7)       Name h               	prefix=||	suffix=| |
(8, 12)      Name i               	prefix=||	suffix=||
(9, 4)       Expr                 	prefix=|    |	suffix=|\n|
(-1, -1)     Load                 	prefix=||	suffix=||
(-1, -1)     Store                	prefix=||	suffix=||
(9, 4)       Name j               	prefix=||	suffix=||
(-1, -1)     Load                 	prefix=||	suffix=||
