(-1, -1)     Module               	prefix=||	suffix=||
(1, 0)       Expr                 	prefix=||	suffix=|\n|
(3, 0)       Expr                 	prefix=|\n|	suffix=|\n|
(5, 0)       Expr                 	prefix=|\n|	suffix=|\n|
(7, 0)       Expr                 	prefix=|\n|	suffix=|\n|
(9, 0)       Expr                 	prefix=|\n|	suffix=|\n|
(1, 0)       Call                 	prefix=||	suffix=||
(3, 0)       Call                 	prefix=||	suffix=||
(5, 0)       Call                 	prefix=||	suffix=||
(7, 0)       Call                 	prefix=||	suffix=||
(9, 1)       Call                 	prefix=||	suffix=||
(1, 0)       Name a               	prefix=||	suffix=||
(1, 2)       Name b               	prefix=||	suffix=||
(3, 0)       Name c               	prefix=||	suffix=||
(3, 2)       Name d               	prefix=||	suffix=||
(3, 5)       Name e               	prefix=| |	suffix=||
(-1, -1)     keyword f            	prefix=| |	suffix=||
(3, 14)      Name args            	prefix=||	suffix=||
(3, 22)      Name kwargs          	prefix=||	suffix=||
(5, 0)       Name h               	prefix=||	suffix=|  |
(5, 6)       Name i               	prefix=||	suffix=| |
(-1, -1)     keyword k            	prefix=| |	suffix=||
(-1, -1)     keyword m            	prefix=||	suffix=||
(5, 13)      Name j               	prefix=|  |	suffix=|   |
(5, 33)      Name o               	prefix=||	suffix=||
(7, 0)       Name p               	prefix=||	suffix=||
(7, 2)       Name q               	prefix=||	suffix=||
(7, 5)       Name r               	prefix=| |	suffix=||
(-1, -1)     keyword s            	prefix=| |	suffix=||
(-1, -1)     keyword u            	prefix=| |	suffix=||
(9, 1)       Name q               	prefix=|(|	suffix=|)|
(9, 4)       Name r               	prefix=||	suffix=||
(9, 7)       Name s               	prefix=| |	suffix=||
(-1, -1)     Load                 	prefix=||	suffix=||
(-1, -1)     Load                 	prefix=||	suffix=||
(-1, -1)     Load                 	prefix=||	suffix=||
(-1, -1)     Load                 	prefix=||	suffix=||
(-1, -1)     Load                 	prefix=||	suffix=||
(3, 10)      Name g               	prefix=||	suffix=||
(-1, -1)     Load                 	prefix=||	suffix=||
(-1, -1)     Load                 	prefix=||	suffix=||
(-1, -1)     Load                 	prefix=||	suffix=||
(-1, -1)     Load                 	prefix=||	suffix=||
(5, 22)      Name l               	prefix=| |	suffix=||
(5, 27)      Name n               	prefix=| |	suffix=|  |
(-1, -1)     Load                 	prefix=||	suffix=||
(-1, -1)     Load                 	prefix=||	suffix=||
(-1, -1)     Load                 	prefix=||	suffix=||
(-1, -1)     Load                 	prefix=||	suffix=||
(-1, -1)     Load                 	prefix=||	suffix=||
(7, 10)      Name t               	prefix=||	suffix=||
(7, 16)      Name v               	prefix=||	suffix=| |
(-1, -1)     Load                 	prefix=||	suffix=||
(-1, -1)     Load                 	prefix=||	suffix=||
(-1, -1)     Load                 	prefix=||	suffix=||
(-1, -1)     Load                 	prefix=||	suffix=||
(-1, -1)     Load                 	prefix=||	suffix=||
(-1, -1)     Load                 	prefix=||	suffix=||
(-1, -1)     Load                 	prefix=||	suffix=||
(-1, -1)     Load                 	prefix=||	suffix=||
