(-1, -1)     Module               	prefix=||	suffix=||
(1, 0)       Expr                 	prefix=||	suffix=|\n|
(3, 0)       Expr                 	prefix=|\n|	suffix=|\n|
(1, 1)       DictComp             	prefix=||	suffix=||
(3, 3)       DictComp             	prefix=||	suffix=||
(1, 1)       Name a               	prefix=||	suffix=||
(1, 4)       Name b               	prefix=||	suffix=| |
(-1, -1)     comprehension        	prefix=||	suffix=||
(3, 3)       Name e               	prefix=||	suffix=||
(3, 5)       Name f               	prefix=||	suffix=|   |
(-1, -1)     comprehension        	prefix=||	suffix=||
(-1, -1)     comprehension        	prefix=||	suffix=||
(-1, -1)     Load                 	prefix=||	suffix=||
(-1, -1)     Load                 	prefix=||	suffix=||
(1, 10)      Name c               	prefix=||	suffix=| |
(1, 15)      Name d               	prefix=||	suffix=||
(-1, -1)     Load                 	prefix=||	suffix=||
(-1, -1)     Load                 	prefix=||	suffix=||
(4, 2)       Name h               	prefix=||	suffix=| |
(4, 9)       Name i               	prefix=||	suffix=|   |
(4, 19)      Name j               	prefix=||	suffix=| |
(4, 26)      Name k               	prefix=||	suffix=| |
(-1, -1)     Store                	prefix=||	suffix=||
(-1, -1)     Load                 	prefix=||	suffix=||
(-1, -1)     Store                	prefix=||	suffix=||
(-1, -1)     Load                 	prefix=||	suffix=||
(-1, -1)     Store                	prefix=||	suffix=||
(-1, -1)     Load                 	prefix=||	suffix=||
