(-1, -1)     Module               	prefix=||	suffix=||
(1, 0)       If                   	prefix=||	suffix=||
(4, 0)       If                   	prefix=|\n|	suffix=||
(9, 0)       If                   	prefix=|\n|	suffix=||
(18, 0)      If                   	prefix=|\n|	suffix=||
(1, 3)       Name a               	prefix=| |	suffix=||
(2, 2)       Expr                 	prefix=|  |	suffix=|\n|
(4, 3)       Name c               	prefix=| |	suffix=||
(5, 2)       Expr                 	prefix=|  |	suffix=|\n|
(7, 2)       Expr                 	prefix=|  |	suffix=|\n|
(9, 3)       Name e               	prefix=| |	suffix=||
(10, 2)      Expr                 	prefix=|  |	suffix=|\n|
(11, 5)      If                   	prefix=||	suffix=||
(18, 3)      Name m               	prefix=| |	suffix=||
(19, 2)      Expr                 	prefix=|  |	suffix=|\n|
(20, 5)      If                   	prefix=||	suffix=||
(-1, -1)     Load                 	prefix=||	suffix=||
(2, 2)       Name b               	prefix=||	suffix=||
(-1, -1)     Load                 	prefix=||	suffix=||
(5, 2)       Name e               	prefix=||	suffix=||
(7, 2)       Name f               	prefix=||	suffix=||
(-1, -1)     Load                 	prefix=||	suffix=||
(10, 2)      Name g               	prefix=||	suffix=||
(11, 5)      Name h               	prefix=| |	suffix=||
(12, 2)      Expr                 	prefix=|  |	suffix=|\n|
(13, 5)      If                   	prefix=||	suffix=||
(-1, -1)     Load                 	prefix=||	suffix=||
(19, 2)      Name n               	prefix=||	suffix=||
(20, 5)      Name o               	prefix=| |	suffix=||
(21, 2)      Expr                 	prefix=|  |	suffix=|\n|
(23, 2)      If                   	prefix=|  |	suffix=||
(-1, -1)     Load                 	prefix=||	suffix=||
(-1, -1)     Load                 	prefix=||	suffix=||
(-1, -1)     Load                 	prefix=||	suffix=||
(-1, -1)     Load                 	prefix=||	suffix=||
(-1, -1)     Load                 	prefix=||	suffix=||
(12, 2)      Name i               	prefix=||	suffix=||
(13, 5)      Name j               	prefix=| |	suffix=||
(14, 2)      Expr                 	prefix=|  |	suffix=|\n|
(16, 2)      Expr                 	prefix=|  |	suffix=|\n|
(-1, -1)     Load                 	prefix=||	suffix=||
(-1, -1)     Load                 	prefix=||	suffix=||
(21, 2)      Name p               	prefix=||	suffix=||
(23, 5)      Name q               	prefix=| |	suffix=||
(24, 4)      Expr                 	prefix=|    |	suffix=|\n|
(-1, -1)     Load                 	prefix=||	suffix=||
(-1, -1)     Load                 	prefix=||	suffix=||
(14, 2)      Name k               	prefix=||	suffix=||
(16, 2)      Name l               	prefix=||	suffix=||
(-1, -1)     Load                 	prefix=||	suffix=||
(-1, -1)     Load                 	prefix=||	suffix=||
(24, 4)      Name r               	prefix=||	suffix=||
(-1, -1)     Load                 	prefix=||	suffix=||
(-1, -1)     Load                 	prefix=||	suffix=||
(-1, -1)     Load                 	prefix=||	suffix=||
