(-1, -1)     Module               	prefix=||	suffix=||
(1, 0)       Expr                 	prefix=||	suffix=|\n|
(3, 0)       Expr                 	prefix=|\n|	suffix=|\n|
(5, 0)       Expr                 	prefix=|\n|	suffix=|\n|
(1, 0)       Lambda               	prefix=||	suffix=||
(3, 0)       Lambda               	prefix=||	suffix=||
(5, 0)       Lambda               	prefix=||	suffix=||
(-1, -1)     arguments            	prefix=||	suffix=||
(1, 10)      Name b               	prefix=||	suffix=||
(-1, -1)     arguments            	prefix=||	suffix=||
(3, 15)      Name f               	prefix=||	suffix=||
(-1, -1)     arguments            	prefix=||	suffix=||
(5, 41)      Name o               	prefix=||	suffix=||
(1, 7)       arg a                	prefix=||	suffix=||
(-1, -1)     Load                 	prefix=||	suffix=||
(3, 7)       arg c                	prefix=||	suffix=||
(3, 10)      arg d                	prefix=||	suffix=||
(3, 12)      Name e               	prefix=||	suffix=||
(-1, -1)     Load                 	prefix=||	suffix=||
(5, 11)      arg g                	prefix=||	suffix=|  |
(5, 15)      arg h                	prefix=||	suffix=||
(5, 17)      arg i                	prefix=||	suffix=| |
(5, 27)      arg k                	prefix=||	suffix=||
(5, 32)      arg m                	prefix=||	suffix=| |
(5, 38)      arg n                	prefix=||	suffix=||
(5, 22)      Name j               	prefix=||	suffix=| |
(5, 29)      Name l               	prefix=||	suffix=||
(-1, -1)     Load                 	prefix=||	suffix=||
(-1, -1)     Load                 	prefix=||	suffix=||
(-1, -1)     Load                 	prefix=||	suffix=||
(-1, -1)     Load                 	prefix=||	suffix=||
