(-1, -1)     Module               	prefix=||	suffix=||
(1, 0)       FunctionDef a        	prefix=||	suffix=||
(4, 0)       FunctionDef c        	prefix=|\n|	suffix=||
(-1, -1)     arguments            	prefix=||	suffix=||
(2, 2)       Nonlocal             	prefix=|  |	suffix=|\n|
(-1, -1)     arguments            	prefix=||	suffix=||
(5, 2)       Nonlocal             	prefix=|  |	suffix=|\n|
