(-1, -1)     Module               	prefix=||	suffix=||
(1, 0)       Expr                 	prefix=||	suffix=|\n|
(3, 0)       Expr                 	prefix=|\n|	suffix=|\n|
(5, 0)       Expr                 	prefix=|\n|	suffix=|\n|
(7, 0)       Expr                 	prefix=|\n|	suffix=|\n|
(9, 0)       Expr                 	prefix=|\n|	suffix=|\n|
(11, 0)      Expr                 	prefix=|\n|	suffix=|\n|
(13, 0)      Expr                 	prefix=|\n|	suffix=|\n|
(15, 0)      Expr                 	prefix=|\n|	suffix=|\n|
(17, 0)      Expr                 	prefix=|\n|	suffix=|\n|
(19, 0)      Expr                 	prefix=|\n|	suffix=|\n|
(1, 0)       Num                  	prefix=||	suffix=||
(3, 0)       Num                  	prefix=||	suffix=||
(5, 0)       Num                  	prefix=||	suffix=||
(7, 0)       Num                  	prefix=||	suffix=||
(9, 1)       Num                  	prefix=|(|	suffix=|)|
(11, 0)      Num                  	prefix=||	suffix=||
(13, 0)      Num                  	prefix=||	suffix=||
(15, 0)      Num                  	prefix=||	suffix=||
(17, 0)      Num                  	prefix=||	suffix=||
(19, 0)      UnaryOp              	prefix=||	suffix=||
(-1, -1)     USub                 	prefix=||	suffix=||
(19, 1)      Num                  	prefix=||	suffix=||
