(-1, -1)     Module               	prefix=||	suffix=||
(1, 0)       Expr                 	prefix=||	suffix=|\n|
(1, 0)       Call                 	prefix=||	suffix=||
(1, 0)       Name foo             	prefix=||	suffix=||
(1, 4)       Compare              	prefix=||	suffix=||
(-1, -1)     Load                 	prefix=||	suffix=||
(1, 5)       Tuple                	prefix=|(|	suffix=|)|
(-1, -1)     Eq                   	prefix=| |	suffix=| |
(1, 14)      Name c               	prefix=||	suffix=||
(1, 5)       Name a               	prefix=||	suffix=||
(1, 8)       Name b               	prefix=||	suffix=||
(-1, -1)     Load                 	prefix=||	suffix=||
(-1, -1)     Load                 	prefix=||	suffix=||
(-1, -1)     Load                 	prefix=||	suffix=||
(-1, -1)     Load                 	prefix=||	suffix=||
