(-1, -1)     Module               	prefix=||	suffix=||
(1, 0)       Expr                 	prefix=||	suffix=|;|
(3, 0)       Expr                 	prefix=|\n\n|	suffix=|;|
(5, 0)       Expr                 	prefix=|  \n\n|	suffix=|;|
(5, 7)       Expr                 	prefix=|   |	suffix=|\n|
(7, 0)       Expr                 	prefix=|\n|	suffix=|;|
(7, 4)       Expr                 	prefix=|  |	suffix=|;|
(9, 0)       If                   	prefix=|\n\n|	suffix=||
(1, 0)       Name a               	prefix=||	suffix=||
(3, 0)       Name b               	prefix=||	suffix=| |
(5, 0)       Name c               	prefix=||	suffix=|  |
(5, 7)       Name d               	prefix=||	suffix=||
(7, 0)       Name e               	prefix=||	suffix=||
(7, 4)       Name f               	prefix=||	suffix=||
(9, 3)       Name g               	prefix=||	suffix=||
(9, 6)       Expr                 	prefix=||	suffix=|;|
(9, 9)       Expr                 	prefix=| |	suffix=|;|
(-1, -1)     Load                 	prefix=||	suffix=||
(-1, -1)     Load                 	prefix=||	suffix=||
(-1, -1)     Load                 	prefix=||	suffix=||
(-1, -1)     Load                 	prefix=||	suffix=||
(-1, -1)     Load                 	prefix=||	suffix=||
(-1, -1)     Load                 	prefix=||	suffix=||
(-1, -1)     Load                 	prefix=||	suffix=||
(9, 6)       Name h               	prefix=||	suffix=||
(9, 9)       Name i               	prefix=||	suffix=||
(-1, -1)     Load                 	prefix=||	suffix=||
(-1, -1)     Load                 	prefix=||	suffix=||
