(-1, -1)     Module               	prefix=||	suffix=||
(1, 0)       Expr                 	prefix=||	suffix=|\n|
(3, 0)       Expr                 	prefix=|\n|	suffix=|\n|
(5, 0)       Expr                 	prefix=|\n|	suffix=|\n|
(7, 0)       Expr                 	prefix=|\n|	suffix=|\n|
(1, 0)       Set                  	prefix=||	suffix=||
(3, 0)       Set                  	prefix=||	suffix=||
(5, 0)       Set                  	prefix=||	suffix=||
(7, 0)       Set                  	prefix=||	suffix=||
(1, 1)       Name a               	prefix=||	suffix=||
(1, 3)       Name b               	prefix=||	suffix=||
(1, 5)       Name c               	prefix=||	suffix=||
(3, 3)       Name d               	prefix=|  |	suffix=| |
(5, 1)       Name e               	prefix=||	suffix=||
(5, 6)       Name f               	prefix=|   |	suffix=|  |
(5, 10)      Name g               	prefix=||	suffix=| |
(7, 1)       Name h               	prefix=||	suffix=||
(7, 4)       Name i               	prefix=| |	suffix=||
(-1, -1)     Load                 	prefix=||	suffix=||
(-1, -1)     Load                 	prefix=||	suffix=||
(-1, -1)     Load                 	prefix=||	suffix=||
(-1, -1)     Load                 	prefix=||	suffix=||
(-1, -1)     Load                 	prefix=||	suffix=||
(-1, -1)     Load                 	prefix=||	suffix=||
(-1, -1)     Load                 	prefix=||	suffix=||
(-1, -1)     Load                 	prefix=||	suffix=||
(-1, -1)     Load                 	prefix=||	suffix=||
