(-1, -1)     Module               	prefix=||	suffix=||
(1, 0)       Expr                 	prefix=||	suffix=|\n|
(3, 0)       Expr                 	prefix=|\n|	suffix=|\n|
(5, 0)       Expr                 	prefix=|\n|	suffix=|\n|
(1, 0)       Subscript            	prefix=||	suffix=||
(3, 0)       Subscript            	prefix=||	suffix=||
(5, 0)       Subscript            	prefix=||	suffix=||
(1, 0)       Name a               	prefix=||	suffix=||
(-1, -1)     Index                	prefix=||	suffix=||
(-1, -1)     Load                 	prefix=||	suffix=||
(3, 0)       Name c               	prefix=||	suffix=|  |
(-1, -1)     Slice                	prefix=||	suffix=||
(-1, -1)     Load                 	prefix=||	suffix=||
(5, 0)       Name f               	prefix=||	suffix=| |
(-1, -1)     ExtSlice             	prefix=||	suffix=||
(-1, -1)     Load                 	prefix=||	suffix=||
(-1, -1)     Load                 	prefix=||	suffix=||
(1, 2)       Name b               	prefix=||	suffix=||
(-1, -1)     Load                 	prefix=||	suffix=||
(3, 6)       Name d               	prefix=||	suffix=||
(3, 9)       Name e               	prefix=| |	suffix=| |
(-1, -1)     Load                 	prefix=||	suffix=||
(-1, -1)     Index                	prefix=|  |	suffix=||
(-1, -1)     Index                	prefix=||	suffix=||
(-1, -1)     Slice                	prefix=||	suffix=||
(-1, -1)     Load                 	prefix=||	suffix=||
(-1, -1)     Load                 	prefix=||	suffix=||
(-1, -1)     Load                 	prefix=||	suffix=||
(5, 5)       Name g               	prefix=||	suffix=|  |
(5, 10)      Ellipsis             	prefix=||	suffix=||
(5, 17)      Name h               	prefix=| |	suffix=| |
(-1, -1)     Load                 	prefix=||	suffix=||
(-1, -1)     Load                 	prefix=||	suffix=||
