(-1, -1)     Module               	prefix=||	suffix=||
(1, 0)       Expr                 	prefix=||	suffix=|\n|
(3, 0)       Expr                 	prefix=|\n|	suffix=|\n|
(5, 0)       Expr                 	prefix=|\n|	suffix=|\n|
(7, 0)       Expr                 	prefix=|\n|	suffix=|\n|
(13, -1)     Expr                 	prefix=|\n|	suffix=|\n|
(15, 0)      Expr                 	prefix=|\n|	suffix=|\n|
(18, 0)      Expr                 	prefix=|\n|	suffix=|\n|
(1, 0)       Str                  	prefix=||	suffix=||
(3, 0)       Str                  	prefix=||	suffix=||
(5, 0)       Str                  	prefix=||	suffix=||
(7, 0)       Str                  	prefix=||	suffix=||
(13, -1)     Str                  	prefix=||	suffix=||
(15, 1)      Str                  	prefix=|(|	suffix=|)|
(18, 0)      Str                  	prefix=||	suffix=||
