(-1, -1)     Module               	prefix=||	suffix=||
(1, 0)       Expr                 	prefix=||	suffix=|\n|
(3, 0)       Expr                 	prefix=|\n|	suffix=|\n|
(5, 0)       Expr                 	prefix=|\n|	suffix=|\n|
(7, 0)       Expr                 	prefix=|\n|	suffix=|\n|
(9, 0)       Expr                 	prefix=|\n|	suffix=|\n|
(11, 0)      Expr                 	prefix=|\n|	suffix=|\n|
(13, 0)      Expr                 	prefix=|\n|	suffix=|\n|
(15, 0)      Expr                 	prefix=|\n|	suffix=|\n|
(1, 0)       Subscript            	prefix=||	suffix=||
(3, 0)       Subscript            	prefix=||	suffix=||
(5, 0)       Subscript            	prefix=||	suffix=||
(7, 0)       Subscript            	prefix=||	suffix=||
(9, 0)       Subscript            	prefix=||	suffix=||
(11, 0)      Subscript            	prefix=||	suffix=||
(13, 0)      Subscript            	prefix=||	suffix=||
(15, 1)      Subscript            	prefix=||	suffix=||
(1, 0)       Name a               	prefix=||	suffix=||
(-1, -1)     Index                	prefix=||	suffix=||
(-1, -1)     Load                 	prefix=||	suffix=||
(3, 0)       Name c               	prefix=||	suffix=||
(-1, -1)     Slice                	prefix=||	suffix=||
(-1, -1)     Load                 	prefix=||	suffix=||
(5, 0)       Name f               	prefix=||	suffix=||
(-1, -1)     Slice                	prefix=||	suffix=||
(-1, -1)     Load                 	prefix=||	suffix=||
(7, 0)       Name j               	prefix=||	suffix=|  |
(-1, -1)     Slice                	prefix=||	suffix=||
(-1, -1)     Load                 	prefix=||	suffix=||
(9, 0)       Name l               	prefix=||	suffix=||
(-1, -1)     Slice                	prefix=||	suffix=||
(-1, -1)     Load                 	prefix=||	suffix=||
(11, 0)      Name o               	prefix=||	suffix=||
(-1, -1)     Index                	prefix=||	suffix=||
(-1, -1)     Load                 	prefix=||	suffix=||
(13, 0)      Name q               	prefix=||	suffix=||
(-1, -1)     Slice                	prefix=||	suffix=||
(-1, -1)     Load                 	prefix=||	suffix=||
(15, 1)      Name r               	prefix=|(|	suffix=|)|
(-1, -1)     Index                	prefix=||	suffix=||
(-1, -1)     Load                 	prefix=||	suffix=||
(-1, -1)     Load                 	prefix=||	suffix=||
(1, 2)       Name b               	prefix=||	suffix=||
(-1, -1)     Load                 	prefix=||	suffix=||
(3, 2)       Name d               	prefix=||	suffix=||
(3, 4)       Name e               	prefix=||	suffix=||
(-1, -1)     Load                 	prefix=||	suffix=||
(5, 3)       Name g               	prefix=||	suffix=|   |
(5, 8)       Name h               	prefix=||	suffix=||
(5, 11)      Name i               	prefix=||	suffix=| |
(-1, -1)     Load                 	prefix=||	suffix=||
(7, 4)       Name k               	prefix=||	suffix=||
(-1, -1)     Load                 	prefix=||	suffix=||
(9, 6)       Name m               	prefix=||	suffix=|  |
(9, 11)      Name n               	prefix=||	suffix=||
(-1, -1)     Load                 	prefix=||	suffix=||
(11, 3)      Name p               	prefix=||	suffix=|   |
(-1, -1)     Load                 	prefix=||	suffix=||
(-1, -1)     Load                 	prefix=||	suffix=||
(15, 4)      Name s               	prefix=||	suffix=||
(-1, -1)     Load                 	prefix=||	suffix=||
(-1, -1)     Load                 	prefix=||	suffix=||
(-1, -1)     Load                 	prefix=||	suffix=||
(-1, -1)     Load                 	prefix=||	suffix=||
(-1, -1)     Load                 	prefix=||	suffix=||
(-1, -1)     Load                 	prefix=||	suffix=||
(-1, -1)     Load                 	prefix=||	suffix=||
(-1, -1)     Load                 	prefix=||	suffix=||
(-1, -1)     Load                 	prefix=||	suffix=||
(-1, -1)     Load                 	prefix=||	suffix=||
(-1, -1)     Load                 	prefix=||	suffix=||
