(-1, -1)     Module               	prefix=||	suffix=||
(1, 0)       Try                  	prefix=||	suffix=||
(6, 0)       Try                  	prefix=|\n|	suffix=||
(13, 0)      Try                  	prefix=|\n|	suffix=||
(25, 0)      Try                  	prefix=|\n|	suffix=||
(34, 0)      Try                  	prefix=|\n|	suffix=||
(43, 0)      Try                  	prefix=|\n|	suffix=||
(2, 2)       Expr                 	prefix=|  |	suffix=|\n|
(3, 0)       ExceptHandler        	prefix=||	suffix=||
(7, 2)       Expr                 	prefix=|  |	suffix=|\n|
(8, 0)       ExceptHandler e      	prefix=||	suffix=||
(11, 2)      Expr                 	prefix=|  |	suffix=|\n|
(14, 2)      Expr                 	prefix=|  |	suffix=|\n|
(15, 2)      Expr                 	prefix=|  |	suffix=|\n|
(16, 0)      ExceptHandler k      	prefix=||	suffix=||
(19, 0)      ExceptHandler        	prefix=||	suffix=||
(22, 2)      Expr                 	prefix=|  |	suffix=|\n|
(23, 2)      Expr                 	prefix=|  |	suffix=|\n|
(27, 2)      Try                  	prefix=|  # 1\n  |	suffix=||
(31, 0)      ExceptHandler        	prefix=||	suffix=||
(36, 2)      Try                  	prefix=|  # 2\n  |	suffix=||
(41, 2)      Expr                 	prefix=|  |	suffix=|\n|
(45, 2)      Try                  	prefix=|  # 3\n  |	suffix=||
(50, 2)      Expr                 	prefix=|  |	suffix=|\n|
(2, 2)       Name a               	prefix=||	suffix=||
(4, 2)       Expr                 	prefix=|  |	suffix=|\n|
(7, 2)       Name c               	prefix=||	suffix=||
(8, 7)       Name d               	prefix=| |	suffix=| |
(9, 2)       Expr                 	prefix=|  |	suffix=|\n|
(11, 2)      Name g               	prefix=||	suffix=||
(14, 2)      Name h               	prefix=||	suffix=||
(15, 2)      Name i               	prefix=||	suffix=||
(16, 9)      Name j               	prefix=|   |	suffix=|   |
(17, 2)      Expr                 	prefix=|  |	suffix=|\n|
(18, 2)      Expr                 	prefix=|  |	suffix=|\n|
(19, 8)      Name n               	prefix=|  |	suffix=||
(20, 2)      Expr                 	prefix=|  |	suffix=|\n|
(22, 2)      Name p               	prefix=||	suffix=||
(23, 2)      Name q               	prefix=||	suffix=||
(28, 4)      Expr                 	prefix=|    |	suffix=|\n|
(29, 2)      ExceptHandler        	prefix=|  |	suffix=||
(32, 2)      Expr                 	prefix=|  |	suffix=|\n|
(37, 4)      Expr                 	prefix=|    |	suffix=|\n|
(38, 2)      ExceptHandler        	prefix=|  |	suffix=||
(41, 2)      Name w               	prefix=||	suffix=||
(46, 4)      Expr                 	prefix=|    |	suffix=|\n|
(48, 4)      Expr                 	prefix=|    |	suffix=|\n|
(50, 2)      Name z               	prefix=||	suffix=||
(-1, -1)     Load                 	prefix=||	suffix=||
(4, 2)       Name b               	prefix=||	suffix=||
(-1, -1)     Load                 	prefix=||	suffix=||
(-1, -1)     Load                 	prefix=||	suffix=||
(9, 2)       Name f               	prefix=||	suffix=||
(-1, -1)     Load                 	prefix=||	suffix=||
(-1, -1)     Load                 	prefix=||	suffix=||
(-1, -1)     Load                 	prefix=||	suffix=||
(-1, -1)     Load                 	prefix=||	suffix=||
(17, 2)      Name l               	prefix=||	suffix=||
(18, 2)      Name m               	prefix=||	suffix=||
(-1, -1)     Load                 	prefix=||	suffix=||
(20, 2)      Name o               	prefix=||	suffix=||
(-1, -1)     Load                 	prefix=||	suffix=||
(-1, -1)     Load                 	prefix=||	suffix=||
(28, 4)      Name r               	prefix=||	suffix=||
(30, 4)      Expr                 	prefix=|    |	suffix=|\n|
(32, 2)      Name t               	prefix=||	suffix=||
(37, 4)      Name u               	prefix=||	suffix=||
(39, 4)      Expr                 	prefix=|    |	suffix=|\n|
(-1, -1)     Load                 	prefix=||	suffix=||
(46, 4)      Name x               	prefix=||	suffix=||
(48, 4)      Name y               	prefix=||	suffix=||
(-1, -1)     Load                 	prefix=||	suffix=||
(-1, -1)     Load                 	prefix=||	suffix=||
(-1, -1)     Load                 	prefix=||	suffix=||
(-1, -1)     Load                 	prefix=||	suffix=||
(-1, -1)     Load                 	prefix=||	suffix=||
(-1, -1)     Load                 	prefix=||	suffix=||
(-1, -1)     Load                 	prefix=||	suffix=||
(30, 4)      Name s               	prefix=||	suffix=||
(-1, -1)     Load                 	prefix=||	suffix=||
(-1, -1)     Load                 	prefix=||	suffix=||
(39, 4)      Name v               	prefix=||	suffix=||
(-1, -1)     Load                 	prefix=||	suffix=||
(-1, -1)     Load                 	prefix=||	suffix=||
(-1, -1)     Load                 	prefix=||	suffix=||
(-1, -1)     Load                 	prefix=||	suffix=||
