(-1, -1)     Module               	prefix=|@@indent@@|	suffix=||	indent=||
(1, 0)       Global               	prefix=||	suffix=|\n|	indent=||
(3, 0)       Global               	prefix=|\n@@indent@@|	suffix=|\n|	indent=||
(5, 0)       Global               	prefix=|\n@@indent@@|	suffix=|\n|	indent=||
